[backblue.gif]
[fade.gif]
[index.html]
[localhost/sieuthioto/wp-content/themes/web3s-sieuthioto/jquery.min.js]
[localhost/sieuthioto/wp-content/themes/web3s-sieuthioto/bootstrap.min.js]
[localhost/sieuthioto/wp-content/themes/web3s-sieuthioto/owl.carousel.min.js]
[localhost/sieuthioto/wp-content/themes/web3s-sieuthioto/jquery.fancybox.min.js]
[localhost/sieuthioto/wp-content/themes/web3s-sieuthioto/jquery.marquee.min.js]
[localhost/sieuthioto/wp-content/themes/web3s-sieuthioto/jquery.bxslider.min.js]
[localhost/sieuthioto/wp-content/themes/web3s-sieuthioto/wow.min.js]
[localhost/sieuthioto/wp-content/themes/web3s-sieuthioto/site.js]
[localhost/sieuthioto/wp-content/uploads/2019/06/cropped-logo.png]
[connect.facebook.net/vi_VN/sdk/xfbml.customerchat.js]
[localhost/sieuthioto/wp-content/uploads/2019/06/1507top-banner-01-1436x550-1-1024x392-1.png]
[localhost/sieuthioto/wp-content/uploads/2019/06/banner2.png]
[localhost/sieuthioto/wp-content/uploads/2019/06/banner3.png]
[localhost/sieuthioto/wp-content/uploads/2019/06/banner4.png]
[localhost/sieuthioto/wp-content/uploads/2019/06/banner5.png]
[localhost/sieuthioto/wp-content/uploads/2019/06/5241rtb-1.png]
[localhost/sieuthioto/wp-content/uploads/2019/06/2849rtb-2.png]
[localhost/sieuthioto/wp-content/uploads/2019/06/7607rtb-3.png]
[localhost/sieuthioto/wp-content/uploads/2019/06/9911rtb-4.png]
[localhost/sieuthioto/wp-content/uploads/2019/06/5516rtb-5.png]
[localhost/sieuthioto/wp-content/uploads/2019/06/4222dong-2-1.png]
[localhost/sieuthioto/wp-content/uploads/2019/06/2652xanh-8x2-mt.png]
[localhost/sieuthioto/wp-content/uploads/2019/06/x1.png]
[localhost/sieuthioto/wp-content/uploads/2019/06/sp2.png]
[localhost/sieuthioto/wp-content/uploads/2019/06/4922toyotaredhilux600x249px.png]
[localhost/sieuthioto/wp-content/uploads/2019/06/dv1.jpg]
[localhost/sieuthioto/wp-content/uploads/2019/06/dv2.jpg]
[localhost/sieuthioto/wp-content/uploads/2019/06/tin5.jpg]
[localhost/sieuthioto/wp-content/uploads/2019/06/tin4.jpg]
[localhost/sieuthioto/wp-content/uploads/2019/06/tin3.jpg]
[localhost/sieuthioto/wp-content/uploads/2019/06/tin2.jpg]
[localhost/sieuthioto/wp-content/uploads/2019/06/nen.jpg]
[localhost/sieuthioto/wp-content/themes/web3s-sieuthioto/images/iconphone.png]
[localhost/sieuthioto/index.html]
[localhost/sieuthioto/wp-content/themes/web3s-sieuthioto/font-awesome.min.css]
[localhost/sieuthioto/wp-content/themes/web3s-sieuthioto/owl.carousel.min.css]
[localhost/sieuthioto/wp-content/themes/web3s-sieuthioto/owl.theme.default.min.css]
[localhost/sieuthioto/wp-content/themes/web3s-sieuthioto/jquery.fancybox.min.css]
[localhost/sieuthioto/wp-content/themes/fonts/glyphicons-halflings-regular.woff2]
[localhost/sieuthioto/wp-content/themes/fonts/glyphicons-halflings-regular.woff]
[localhost/sieuthioto/wp-content/themes/fonts/glyphicons-halflings-regular.ttf]
[localhost/sieuthioto/wp-content/themes/web3s-sieuthioto/bootstrap.min.css]
[localhost/sieuthioto/wp-content/themes/web3s-sieuthioto/jquery.bxslider.css]
[localhost/sieuthioto/wp-content/themes/web3s-sieuthioto/animate.css]
[localhost/sieuthioto/wp-content/themes/web3s-sieuthioto/fonts/UTMSwissCondensedBold.ttf]
[localhost/sieuthioto/wp-content/themes/web3s-sieuthioto/fonts/UTMAndrogyne.ttf]
[localhost/sieuthioto/wp-content/themes/web3s-sieuthioto/fonts/UTMBeautifulCaps.ttf]
[localhost/sieuthioto/wp-content/themes/web3s-sieuthioto/fonts/AvenirNext-DemiBold.ttf]
[localhost/sieuthioto/wp-content/themes/web3s-sieuthioto/fonts/AvenirNext-Regular.ttf]
[localhost/sieuthioto/wp-content/themes/web3s-sieuthioto/fonts/AvenirNext-Bold.ttf]
[localhost/sieuthioto/wp-content/themes/web3s-sieuthioto/fonts/UTMNeoSansIntel-Italic.eot]
[localhost/sieuthioto/wp-content/themes/web3s-sieuthioto/fonts/UTMNeoSansIntel-Italicd41dd41d.eot]
[localhost/sieuthioto/wp-content/themes/web3s-sieuthioto/fonts/UTMNeoSansIntel-Italic.woff2]
[localhost/sieuthioto/wp-content/themes/web3s-sieuthioto/fonts/UTMNeoSansIntel-Italic.woff]
[localhost/sieuthioto/wp-content/themes/web3s-sieuthioto/fonts/UTMNeoSansIntel-Italic.ttf]
[localhost/sieuthioto/wp-content/themes/web3s-sieuthioto/fonts/UTMNeoSansIntel-BoldItalic.eot]
[localhost/sieuthioto/wp-content/themes/web3s-sieuthioto/fonts/UTMNeoSansIntel-BoldItalicd41dd41d.eot]
[localhost/sieuthioto/wp-content/themes/web3s-sieuthioto/fonts/UTMNeoSansIntel-BoldItalic.woff2]
[localhost/sieuthioto/wp-content/themes/web3s-sieuthioto/fonts/UTMNeoSansIntel-BoldItalic.woff]
[localhost/sieuthioto/wp-content/themes/web3s-sieuthioto/fonts/UTMNeoSansIntel-BoldItalic.ttf]
[localhost/sieuthioto/wp-content/themes/web3s-sieuthioto/images/hotline1.png]
[localhost/sieuthioto/wp-content/themes/web3s-sieuthioto/images/support.png]
[localhost/sieuthioto/wp-content/themes/web3s-sieuthioto/images/back-number.jpg]
[localhost/sieuthioto/wp-content/themes/web3s-sieuthioto/images/backservice.png]
[localhost/sieuthioto/wp-content/themes/web3s-sieuthioto/images/back-material.jpg]
[localhost/sieuthioto/wp-content/themes/web3s-sieuthioto/images/dem.png]
[localhost/sieuthioto/wp-content/themes/web3s-sieuthioto/images/pillow.png]
[localhost/sieuthioto/wp-content/themes/web3s-sieuthioto/images/triangle.png]
[localhost/sieuthioto/wp-content/themes/web3s-sieuthioto/images/social.png]
[localhost/sieuthioto/wp-content/themes/web3s-sieuthioto/css/news/time.png]
[localhost/sieuthioto/wp-content/themes/web3s-sieuthioto/css/news/arrow.png]
[localhost/sieuthioto/wp-content/themes/web3s-sieuthioto/style2.css]
[connect.facebook.net/vi_VN/sdk/xfbml.customerchat.js]
[localhost/sieuthioto/category/xe-toyota-moi/index.html]
[localhost/sieuthioto/category/xe-toyota-moi/toyota-avanza/index.html]
[localhost/sieuthioto/category/xe-toyota-moi/toyota-rush/index.html]
[localhost/sieuthioto/category/xe-toyota-moi/toyota-vios/index.html]
[localhost/sieuthioto/category/xe-toyota-moi/toyota-wigo/index.html]
[localhost/sieuthioto/category/danh-gia-xe/index.html]
[localhost/sieuthioto/category/danh-gia-xe/toyota-rush-danh-gia-xe/index.html]
[localhost/sieuthioto/category/danh-gia-xe/toyota-vios-danh-gia-xe/index.html]
[localhost/sieuthioto/category/danh-gia-xe/toyota-wigo-danh-gia-xe/index.html]
[localhost/sieuthioto/wp-content/uploads/2019/06/tin1.jpg]
[localhost/sieuthioto/category/tin-tuc/index.html]
[localhost/sieuthioto/lien-he/index.html]
[localhost/sieuthioto/wp-content/uploads/2019/06/4222dong-2.png]
[localhost/sieuthioto/wp-content/uploads/2019/06/6377den-2.png]
[localhost/sieuthioto/wp-content/uploads/2019/06/7323trang-2.png]
[localhost/sieuthioto/wp-content/uploads/2019/06/9324do-2.png]
[localhost/sieuthioto/wp-content/themes/web3s-sieuthioto/css/news/left-slide.png]
[localhost/sieuthioto/wp-content/themes/web3s-sieuthioto/css/news/right-slide.png]
[localhost/sieuthioto/rush-s-1-5at/index.html]
[localhost/sieuthioto/wp-content/uploads/2019/06/2770xam-1g3-mt.png]
[localhost/sieuthioto/wp-content/uploads/2019/06/3516bac-1e7-mt.png]
[localhost/sieuthioto/wp-content/uploads/2019/06/3584trang-w09-mt.png]
[localhost/sieuthioto/wp-content/uploads/2019/06/9878den-x12-mt.png]
[giabanxehoi.com/images/Upload/images/e0k4jt.png]
[giabanxehoi.com/images/Upload/images/4z51gn.png]
[giabanxehoi.com/images/Upload/images/mqj5er.png]
[giabanxehoi.com/images/Upload/images/mgmdmr.png]
[giabanxehoi.com/images/Upload/images/qh4cys.png]
[giabanxehoi.com/images/Upload/images/wysqmw.png]
[giabanxehoi.com/images/Upload/images/pvyrfc.png]
[giabanxehoi.com/images/Upload/images/ao33ll.png]
[giabanxehoi.com/images/Upload/images/twz5gv.png]
[giabanxehoi.com/images/Upload/images/qwjxjh.png]
[localhost/sieuthioto/avanza-1-3mt/index.html]
[localhost/sieuthioto/wp-content/uploads/2019/06/x2.png]
[giabanxehoi.com/images/Upload/images/2rzeih.png]
[localhost/sieuthioto/wp-content/uploads/2019/06/x3.png]
[localhost/sieuthioto/wp-content/uploads/2019/06/x4.png]
[localhost/sieuthioto/wp-content/uploads/2019/06/tin5-300x175.jpg]
[giabanxehoi.com/images/Upload/images/m3b2lt.png]
[giabanxehoi.com/images/Upload/images/686x600_1.png]
[giabanxehoi.com/images/Upload/images/jwqsjx.png]
[giabanxehoi.com/images/Upload/images/alwonm.png]
[giabanxehoi.com/images/Upload/images/f2ddgt.png]
[giabanxehoi.com/images/Upload/images/c3njni.png]
[giabanxehoi.com/images/Upload/images/3l2fr4.png]
[giabanxehoi.com/images/Upload/images/d4o1bf.png]
[giabanxehoi.com/images/Upload/images/kj2t53.png]
[giabanxehoi.com/images/Upload/images/h0vc2a.png]
[giabanxehoi.com/images/Upload/images/flrtcm.png]
[giabanxehoi.com/images/Upload/images/bz2lum.png]
[giabanxehoi.com/images/Upload/images/srg2lf.png]
[giabanxehoi.com/images/Upload/images/Ốp-trang-trí-lưới-tản-nhiệt-mạ-Chrome-2(1).png]
[giabanxehoi.com/images/Upload/images/ltexop.png]
[giabanxehoi.com/images/Upload/images/do-ap-suat-lop (1).png]
[giabanxehoi.com/images/Upload/images/Khay-hành-lý-gập-gọn-2 (1).png]
[giabanxehoi.com/images/Upload/images/Hộp-lạnh-2 (1).png]
[localhost/sieuthioto/land-cruiser-vx/index.html]
[localhost/sieuthioto/wp-content/uploads/2019/06/4.png]
[localhost/sieuthioto/wp-content/uploads/2019/06/4922toyotaredhilux600x249px-2.png]
[localhost/sieuthioto/wp-content/uploads/2019/06/4922toyotaredhilux600x249px-1.png]
[giabanxehoi.com/images/Upload/images/Bộ-hỗ-trợ-khẩn-cấp-2 (1).png]
[localhost/sieuthioto/wp-content/uploads/2019/06/2.png]
[giabanxehoi.com/images/Upload/images/Bơm-điện-2 (1).png]
[localhost/sieuthioto/hilux-2-8-g-4x4-at-mlm-2/index.html]
[localhost/sieuthioto/wp-content/uploads/2019/06/2-1.png]
[localhost/sieuthioto/wp-content/uploads/2019/06/3.png]
[localhost/sieuthioto/hilux-2-8-g-4x4-at-mlm/index.html]
[localhost/sieuthioto/tung-bung-khuyen-mai-thang-3-2019/index.html]
[localhost/sieuthioto/so-sanh-toyota-rush-2019-va-mitsubishi-xpander-2019-ve-noi-ngoai-that/index.html]
[localhost/sieuthioto/toyota-camry-2019-se-duoc-nhap-khau-nguyen-chiec-tu-thai-lan/index.html]
[localhost/sieuthioto/hay-mua-xe-toyota-hilux-2019-truoc-khi-thue-truoc-ba-xe-ban-tai-tang-tu-3-den-4-lan/index.html]
[localhost/sieuthioto/wp-content/themes/web3s-sieuthioto/owl.video.play.html]
[localhost/sieuthioto/wp-content/themes/fonts/glyphicons-halflings-regular.html]
[localhost/sieuthioto/wp-content/themes/fonts/glyphicons-halflings-regulard41dd41d.html]
[localhost/sieuthioto/wp-content/themes/fonts/glyphicons-halflings-regular-2.html]
[localhost/sieuthioto/wp-content/themes/web3s-sieuthioto/images/bx_loader.html]
[localhost/sieuthioto/wp-content/themes/web3s-sieuthioto/images/controls.html]
[localhost/sieuthioto/wp-content/themes/web3s-sieuthioto/fonts/UTMNeoSansIntel-Italic.svg]
[localhost/sieuthioto/wp-content/themes/web3s-sieuthioto/fonts/UTMNeoSansIntel-BoldItalic.svg]
[localhost/sieuthioto/ABCDEFGHIJKLMNOPQRSTUVWXYZabcdefghijklmnopqrstuvwxyz0123456789+/index.html]
[localhost/sieuthioto/^([^_/indexd41d.html]
[localhost/sieuthioto/GET.html]
[localhost/sieuthioto/Trident/index.html]
[localhost/sieuthioto/nen-chon-xe-toyota-fortuner-2019-nhap-khau-hay-lap-rap/index.html]
[localhost/sieuthioto/lien-he/index-2.html]
[sieuthitoyota.net/images/Upload/images/so-sanh-toyota-rush-2019-va-mitsubishi-xpander-2019-ve-noi-ngoai-that-2.jpg]
[sieuthitoyota.net/images/Upload/images/so-sanh-toyota-rush-2019-va-mitsubishi-xpander-2019-ve-noi-ngoai-that-4.jpg]
[sieuthitoyota.net/images/Upload/images/toyota-camry-2019-se-duoc-nhap-khau-nguyen-chiec-tu-thai-lan-1.jpg]
[sieuthitoyota.net/images/Upload/images/toyota-camry-2019-se-duoc-nhap-khau-nguyen-chiec-tu-thai-lan-5.jpg]
[sieuthitoyota.net/images/Upload/images/hay-mua-xe-toyota-hilux-2019-truoc-khi-thue-truoc-ba-xe-ban-tai-tang-tu-3-den-4-lan-2.jpg]
[sieuthitoyota.net/images/Upload/images/hay-mua-xe-toyota-hilux-2019-truoc-khi-thue-truoc-ba-xe-ban-tai-tang-tu-3-den-4-lan-4.jpg]
[sieuthitoyota.net/images/Upload/images/nen-chon-xe-toyota-fortuner-2019-nhap-khau-hay-lap-rap-2.jpg]
[sieuthitoyota.net/images/Upload/images/nen-chon-xe-toyota-fortuner-2019-nhap-khau-hay-lap-rap-6.jpg]
